[26Mai2026 11:19:17.692] [main/INFO] [cpw.mods.modlauncher.Launcher/MODLAUNCHER]: ModLauncher running: args [--launchTarget, forgeserverdev, --gameDir, ., --fml.fmlVersion, 4.0.42, --fml.mcVersion, 1.21.1, --fml.neoForgeVersion, 21.1.216, --fml.neoFormVersion, 20240808.144430, --nogui]
[26Mai2026 11:19:17.693] [main/INFO] [cpw.mods.modlauncher.Launcher/MODLAUNCHER]: JVM identified as Eclipse Adoptium OpenJDK 64-Bit Server VM 21.0.11+10-LTS
[26Mai2026 11:19:17.694] [main/INFO] [cpw.mods.modlauncher.Launcher/MODLAUNCHER]: ModLauncher 11.0.5+main.901c6ea8 starting: java version 21.0.11 by Eclipse Adoptium; OS Mac OS X arch aarch64 version 26.4.1
[26Mai2026 11:19:17.731] [main/INFO] [net.neoforged.fml.loading.ImmediateWindowHandler/]: ImmediateWindowProvider not loading because launch target is forgeserverdev
[26Mai2026 11:19:17.749] [main/INFO] [mixin/]: SpongePowered MIXIN Subsystem Version=0.8.7 Source=union:/Users/dererneuerer/.gradle/caches/modules-2/files-2.1/net.fabricmc/sponge-mixin/0.15.2+mixin.0.8.7/2af2f021d8e02a0220dc27a7a72b4666d66d44ca/sponge-mixin-0.15.2+mixin.0.8.7.jar%2394!/ Service=ModLauncher Env=SERVER
[26Mai2026 11:19:17.857] [main/INFO] [net.neoforged.fml.loading.moddiscovery.locators.JarInJarDependencyLocator/]: Found 2 dependencies adding them to mods collection
[26Mai2026 11:19:17.857] [main/INFO] [net.neoforged.fml.loading.moddiscovery.ModDiscoverer/]: 
     Mod List:
		Name Version (Mod Id)

		Minecraft 1.21.1 (minecraft)
		NeoForge 21.1.216 (neoforge)
		pvptoggle 1.0 (pvptoggle)
[26Mai2026 11:19:18.125] [main/INFO] [cpw.mods.modlauncher.LaunchServiceHandler/MODLAUNCHER]: Launching target 'forgeserverdev' with arguments [--gameDir, ., --nogui]
[26Mai2026 11:19:18.696] [main/INFO] [MixinExtras|Service/]: Initializing MixinExtras via com.llamalad7.mixinextras.service.MixinExtrasServiceImpl(version=0.5.0).
[26Mai2026 11:19:20.948] [main/WARN] [net.minecraft.commands.Commands/]: Ambiguity between arguments [teleport, location] and [teleport, destination] with inputs: [0.1 -0.5 .9, 0 0 0]
[26Mai2026 11:19:20.949] [main/WARN] [net.minecraft.commands.Commands/]: Ambiguity between arguments [teleport, location] and [teleport, targets] with inputs: [0.1 -0.5 .9, 0 0 0]
[26Mai2026 11:19:20.950] [main/WARN] [net.minecraft.commands.Commands/]: Ambiguity between arguments [teleport, destination] and [teleport, targets] with inputs: [Player, 0123, @e, dd12be42-52a9-4a91-a8a1-11c01849e498]
[26Mai2026 11:19:20.950] [main/WARN] [net.minecraft.commands.Commands/]: Ambiguity between arguments [teleport, targets] and [teleport, destination] with inputs: [Player, 0123, dd12be42-52a9-4a91-a8a1-11c01849e498]
[26Mai2026 11:19:20.951] [main/WARN] [net.minecraft.commands.Commands/]: Ambiguity between arguments [teleport, targets, location] and [teleport, targets, destination] with inputs: [0.1 -0.5 .9, 0 0 0]
[26Mai2026 11:19:20.975] [modloading-worker-0/INFO] [net.neoforged.neoforge.common.NeoForgeMod/NEOFORGE-MOD]: NeoForge mod loading, version 21.1.216, for MC 1.21.1
[26Mai2026 11:19:21.093] [main/INFO] [com.mojang.authlib.yggdrasil.YggdrasilAuthenticationService/]: Environment: Environment[sessionHost=https://sessionserver.mojang.com, servicesHost=https://api.minecraftservices.com, name=PROD]
[26Mai2026 11:19:21.130] [main/WARN] [net.minecraft.server.packs.VanillaPackResourcesBuilder/]: Assets URL 'union:/Users/dererneuerer/Downloads/PvpToggle/build/moddev/artifacts/neoforge-21.1.216.jar%23125!/assets/.mcassetsroot' uses unexpected schema
[26Mai2026 11:19:21.130] [main/WARN] [net.minecraft.server.packs.VanillaPackResourcesBuilder/]: Assets URL 'union:/Users/dererneuerer/Downloads/PvpToggle/build/moddev/artifacts/neoforge-21.1.216.jar%23125!/data/.mcassetsroot' uses unexpected schema
[26Mai2026 11:19:21.521] [main/INFO] [net.minecraft.world.item.crafting.RecipeManager/]: Loaded 1290 recipes
[26Mai2026 11:19:21.595] [main/INFO] [net.minecraft.advancements.AdvancementTree/]: Loaded 1399 advancements
[26Mai2026 11:19:21.816] [Server thread/INFO] [net.minecraft.server.dedicated.DedicatedServer/]: Starting minecraft server version 1.21.1
[26Mai2026 11:19:21.816] [Server thread/INFO] [net.minecraft.server.dedicated.DedicatedServer/]: Loading properties
[26Mai2026 11:19:21.817] [Server thread/INFO] [net.minecraft.server.dedicated.DedicatedServer/]: Default game type: SURVIVAL
[26Mai2026 11:19:21.817] [Server thread/INFO] [net.minecraft.server.MinecraftServer/]: Generating keypair
[26Mai2026 11:19:21.846] [Server thread/INFO] [net.minecraft.server.dedicated.DedicatedServer/]: Starting Minecraft server on *:25565
[26Mai2026 11:19:21.861] [Server thread/INFO] [net.minecraft.server.network.ServerConnectionListener/]: Using default channel type
[26Mai2026 11:19:21.883] [Server thread/WARN] [net.minecraft.server.dedicated.DedicatedServer/]: **** SERVER IS RUNNING IN OFFLINE/INSECURE MODE!
[26Mai2026 11:19:21.883] [Server thread/WARN] [net.minecraft.server.dedicated.DedicatedServer/]: The server will make no attempt to authenticate usernames. Beware.
[26Mai2026 11:19:21.883] [Server thread/WARN] [net.minecraft.server.dedicated.DedicatedServer/]: While this makes the game possible to play without internet access, it also opens up the ability for hackers to connect with any username they choose.
[26Mai2026 11:19:21.883] [Server thread/WARN] [net.minecraft.server.dedicated.DedicatedServer/]: To change this, set "online-mode" to "true" in the server.properties file.
[26Mai2026 11:19:21.901] [Server thread/INFO] [net.minecraft.server.dedicated.DedicatedServer/]: Preparing level "world"
[26Mai2026 11:19:23.023] [Server thread/INFO] [net.minecraft.server.MinecraftServer/]: Preparing start region for dimension minecraft:overworld
[26Mai2026 11:19:23.150] [worldgen/INFO] [net.minecraft.server.level.progress.LoggerChunkProgressListener/]: Preparing spawn area: 0%
[26Mai2026 11:19:23.200] [Server thread/INFO] [net.minecraft.server.level.progress.LoggerChunkProgressListener/]: Time elapsed: 177 ms
[26Mai2026 11:19:23.200] [Server thread/INFO] [net.minecraft.server.dedicated.DedicatedServer/]: Done (1.310s)! For help, type "help"
[26Mai2026 11:19:23.208] [LanServerPinger #1/WARN] [net.minecraft.client.server.LanServerPinger/]: LanServerPinger: No route to host
[26Mai2026 11:19:23.217] [Server thread/INFO] [net.neoforged.neoforge.gametest.GameTestHooks/]: Enabled Gametest Namespaces: [pvptoggle]
[26Mai2026 11:19:23.220] [Server thread/INFO] [net.neoforged.neoforge.server.permission.PermissionAPI/]: Successfully initialized permission handler neoforge:default_handler
[26Mai2026 11:19:58.268] [Server thread/INFO] [net.minecraft.server.players.PlayerList/]: Dev[/127.0.0.1:57685] logged in with entity id 27 at (25.638360601937098, 71.0, 9.56319836398313)
[26Mai2026 11:19:58.286] [Server thread/INFO] [net.minecraft.server.MinecraftServer/]: Dev joined the game
[26Mai2026 11:20:04.727] [Server thread/INFO] [net.minecraft.server.network.ServerGamePacketListenerImpl/]: Dev lost connection: You logged in from another location
[26Mai2026 11:20:04.728] [Server thread/INFO] [net.minecraft.server.MinecraftServer/]: Dev left the game
[26Mai2026 11:20:05.386] [Server thread/INFO] [net.minecraft.server.players.PlayerList/]: Dev[/127.0.0.1:57687] logged in with entity id 240 at (25.638360601937098, 71.0, 9.56319836398313)
[26Mai2026 11:20:05.387] [Server thread/INFO] [net.minecraft.server.MinecraftServer/]: Dev joined the game
[26Mai2026 11:20:16.721] [Server thread/INFO] [net.minecraft.server.MinecraftServer/]: Stopping server
[26Mai2026 11:20:16.723] [Server thread/INFO] [net.minecraft.server.MinecraftServer/]: Saving players
[26Mai2026 11:20:16.737] [Server thread/INFO] [net.minecraft.server.MinecraftServer/]: Saving worlds
[26Mai2026 11:20:16.941] [Server thread/INFO] [net.minecraft.server.MinecraftServer/]: Saving chunks for level 'ServerLevel[world]'/minecraft:overworld
[26Mai2026 11:20:17.033] [Server thread/INFO] [net.minecraft.server.MinecraftServer/]: Saving chunks for level 'ServerLevel[world]'/minecraft:the_end
[26Mai2026 11:20:17.042] [Server thread/INFO] [net.minecraft.server.MinecraftServer/]: Saving chunks for level 'ServerLevel[world]'/minecraft:the_nether
[26Mai2026 11:20:17.052] [Server thread/INFO] [net.minecraft.server.MinecraftServer/]: ThreadedAnvilChunkStorage (world): All chunks are saved
[26Mai2026 11:20:17.053] [Server thread/INFO] [net.minecraft.server.MinecraftServer/]: ThreadedAnvilChunkStorage (DIM1): All chunks are saved
[26Mai2026 11:20:17.053] [Server thread/INFO] [net.minecraft.server.MinecraftServer/]: ThreadedAnvilChunkStorage (DIM-1): All chunks are saved
[26Mai2026 11:20:17.053] [Server thread/INFO] [net.minecraft.server.MinecraftServer/]: ThreadedAnvilChunkStorage: All dimensions are saved
[26Mai2026 11:20:17.135] [Server thread/ERROR] [net.neoforged.fml.javafmlmod.FMLModContainer/]: Exception caught during firing event: Cannot get config value before config is loaded.
	Index: 0
	Listeners:
		0: net.neoforged.bus.EventListenerFactory$onLoad/0x0000007801c41800@64b2b0c6
java.lang.IllegalStateException: Cannot get config value before config is loaded.
	at MC-BOOTSTRAP/com.google.common@32.1.2-jre/com.google.common.base.Preconditions.checkState(Preconditions.java:512)
	at TRANSFORMER/neoforge@21.1.216/net.neoforged.neoforge.common.ModConfigSpec$ConfigValue.getRaw(ModConfigSpec.java:1235)
	at TRANSFORMER/neoforge@21.1.216/net.neoforged.neoforge.common.ModConfigSpec$ConfigValue.get(ModConfigSpec.java:1222)
	at TRANSFORMER/pvptoggle@1.0/org.opnsoc.dererneuerer.pvptoggle.config.Config.onLoad(Config.java:47)
	at MC-BOOTSTRAP/net.neoforged.bus/net.neoforged.bus.EventBus.post(EventBus.java:360)
	at MC-BOOTSTRAP/net.neoforged.bus/net.neoforged.bus.EventBus.post(EventBus.java:328)
	at MC-BOOTSTRAP/fml_loader@4.0.42/net.neoforged.fml.ModContainer.acceptEvent(ModContainer.java:158)
	at MC-BOOTSTRAP/fml_loader@4.0.42/net.neoforged.fml.config.ModConfig.setConfig(ModConfig.java:79)
	at MC-BOOTSTRAP/fml_loader@4.0.42/net.neoforged.fml.config.ConfigTracker.unloadConfig(ConfigTracker.java:236)
	at java.base/java.lang.Iterable.forEach(Iterable.java:75)
	at java.base/java.util.Collections$SynchronizedCollection.forEach(Collections.java:2352)
	at MC-BOOTSTRAP/fml_loader@4.0.42/net.neoforged.fml.config.ConfigTracker.unloadConfigs(ConfigTracker.java:129)
	at TRANSFORMER/neoforge@21.1.216/net.neoforged.neoforge.server.ServerLifecycleHooks.handleServerStopped(ServerLifecycleHooks.java:134)
	at TRANSFORMER/minecraft@1.21.1/net.minecraft.server.MinecraftServer.runServer(MinecraftServer.java:753)
	at TRANSFORMER/minecraft@1.21.1/net.minecraft.server.MinecraftServer.lambda$spin$2(MinecraftServer.java:267)
	at java.base/java.lang.Thread.run(Thread.java:1583)

[26Mai2026 11:20:17.136] [Server thread/ERROR] [net.neoforged.fml.ModContainer/LOADING]: Caught exception during event net.neoforged.fml.event.config.ModConfigEvent$Unloading@4bae6409 dispatch for modid pvptoggle
java.lang.IllegalStateException: Cannot get config value before config is loaded.
	at MC-BOOTSTRAP/com.google.common@32.1.2-jre/com.google.common.base.Preconditions.checkState(Preconditions.java:512) ~[guava-32.1.2-jre.jar%2373!/:?]
	at TRANSFORMER/neoforge@21.1.216/net.neoforged.neoforge.common.ModConfigSpec$ConfigValue.getRaw(ModConfigSpec.java:1235) ~[neoforge-21.1.216.jar%23126!/:?]
	at TRANSFORMER/neoforge@21.1.216/net.neoforged.neoforge.common.ModConfigSpec$ConfigValue.get(ModConfigSpec.java:1222) ~[neoforge-21.1.216.jar%23126!/:?]
	at TRANSFORMER/pvptoggle@1.0/org.opnsoc.dererneuerer.pvptoggle.config.Config.onLoad(Config.java:47) ~[%23127!/:?]
	at MC-BOOTSTRAP/net.neoforged.bus/net.neoforged.bus.EventBus.post(EventBus.java:360) ~[bus-8.0.5.jar%23106!/:?]
	at MC-BOOTSTRAP/net.neoforged.bus/net.neoforged.bus.EventBus.post(EventBus.java:328) ~[bus-8.0.5.jar%23106!/:?]
	at MC-BOOTSTRAP/fml_loader@4.0.42/net.neoforged.fml.ModContainer.acceptEvent(ModContainer.java:158) ~[loader-4.0.42.jar%23102!/:4.0]
	at MC-BOOTSTRAP/fml_loader@4.0.42/net.neoforged.fml.config.ModConfig.setConfig(ModConfig.java:79) ~[loader-4.0.42.jar%23102!/:4.0]
	at MC-BOOTSTRAP/fml_loader@4.0.42/net.neoforged.fml.config.ConfigTracker.unloadConfig(ConfigTracker.java:236) ~[loader-4.0.42.jar%23102!/:4.0]
	at java.base/java.lang.Iterable.forEach(Iterable.java:75) ~[?:?]
	at java.base/java.util.Collections$SynchronizedCollection.forEach(Collections.java:2352) ~[?:?]
	at MC-BOOTSTRAP/fml_loader@4.0.42/net.neoforged.fml.config.ConfigTracker.unloadConfigs(ConfigTracker.java:129) ~[loader-4.0.42.jar%23102!/:4.0]
	at TRANSFORMER/neoforge@21.1.216/net.neoforged.neoforge.server.ServerLifecycleHooks.handleServerStopped(ServerLifecycleHooks.java:134) ~[neoforge-21.1.216.jar%23126!/:?]
	at TRANSFORMER/minecraft@1.21.1/net.minecraft.server.MinecraftServer.runServer(MinecraftServer.java:753) ~[neoforge-21.1.216.jar%23125!/:?]
	at TRANSFORMER/minecraft@1.21.1/net.minecraft.server.MinecraftServer.lambda$spin$2(MinecraftServer.java:267) ~[neoforge-21.1.216.jar%23125!/:?]
	at java.base/java.lang.Thread.run(Thread.java:1583) [?:?]
[26Mai2026 11:20:17.137] [Server thread/ERROR] [net.minecraft.server.MinecraftServer/]: Uncaught exception in server thread
net.neoforged.fml.ModLoadingException: Loading errors encountered:
	- pvptoggle (pvptoggle) encountered an error while dispatching the net.neoforged.fml.event.config.ModConfigEvent$Unloading event
	  java.lang.IllegalStateException: Cannot get config value before config is loaded.

	at MC-BOOTSTRAP/fml_loader@4.0.42/net.neoforged.fml.ModContainer.acceptEvent(ModContainer.java:162) ~[loader-4.0.42.jar%23102!/:4.0]
	at MC-BOOTSTRAP/fml_loader@4.0.42/net.neoforged.fml.config.ModConfig.setConfig(ModConfig.java:79) ~[loader-4.0.42.jar%23102!/:4.0]
	at MC-BOOTSTRAP/fml_loader@4.0.42/net.neoforged.fml.config.ConfigTracker.unloadConfig(ConfigTracker.java:236) ~[loader-4.0.42.jar%23102!/:4.0]
	at java.base/java.lang.Iterable.forEach(Iterable.java:75) ~[?:?]
	at java.base/java.util.Collections$SynchronizedCollection.forEach(Collections.java:2352) ~[?:?]
	at MC-BOOTSTRAP/fml_loader@4.0.42/net.neoforged.fml.config.ConfigTracker.unloadConfigs(ConfigTracker.java:129) ~[loader-4.0.42.jar%23102!/:4.0]
	at TRANSFORMER/neoforge@21.1.216/net.neoforged.neoforge.server.ServerLifecycleHooks.handleServerStopped(ServerLifecycleHooks.java:134) ~[neoforge-21.1.216.jar%23126!/:?]
	at TRANSFORMER/minecraft@1.21.1/net.minecraft.server.MinecraftServer.runServer(MinecraftServer.java:753) ~[neoforge-21.1.216.jar%23125!/:?]
	at TRANSFORMER/minecraft@1.21.1/net.minecraft.server.MinecraftServer.lambda$spin$2(MinecraftServer.java:267) ~[neoforge-21.1.216.jar%23125!/:?]
	at java.base/java.lang.Thread.run(Thread.java:1583) [?:?]
